---
http_interactions:
- request:
    method: post
    uri: https://api.parse.com/1/classes/Post
    body:
      encoding: UTF-8
      string: "{}"
    headers:
      User-Agent:
      - Parse for Ruby, 0.0
      Content-Type:
      - application/json
      X-Parse-Application-Id:
      - "<X-Parse-Application-Id>"
      X-Parse-Rest-Api-Key:
      - "<X-Parse-REST-API-Key>"
      Accept-Encoding:
      - gzip;q=1.0,deflate;q=0.6,identity;q=0.3
      Accept:
      - "*/*"
  response:
    status:
      code: 201
      message: Created
    headers:
      Access-Control-Allow-Methods:
      - "*"
      Access-Control-Allow-Origin:
      - "*"
      Content-Type:
      - application/json; charset=utf-8
      Date:
      - Fri, 19 Jun 2015 14:47:09 GMT
      Location:
      - https://api.parse.com/1/classes/Post/wZ2EamV4Q2
      Server:
      - nginx/1.6.0
      X-Parse-Platform:
      - G1
      X-Runtime:
      - '0.038899'
      Content-Length:
      - '65'
      Connection:
      - keep-alive
    body:
      encoding: UTF-8
      string: |
        {"createdAt":"2015-06-19T14:47:09.946Z","objectId":"wZ2EamV4Q2"}
    http_version: 
  recorded_at: Fri, 19 Jun 2015 14:47:10 GMT
- request:
    method: post
    uri: https://api.parse.com/1/classes/Comment
    body:
      encoding: UTF-8
      string: '{"text":"great post!"}'
    headers:
      User-Agent:
      - Parse for Ruby, 0.0
      Content-Type:
      - application/json
      X-Parse-Application-Id:
      - "<X-Parse-Application-Id>"
      X-Parse-Rest-Api-Key:
      - "<X-Parse-REST-API-Key>"
      Accept-Encoding:
      - gzip;q=1.0,deflate;q=0.6,identity;q=0.3
      Accept:
      - "*/*"
  response:
    status:
      code: 201
      message: Created
    headers:
      Access-Control-Allow-Methods:
      - "*"
      Access-Control-Allow-Origin:
      - "*"
      Content-Type:
      - application/json; charset=utf-8
      Date:
      - Fri, 19 Jun 2015 14:47:10 GMT
      Location:
      - https://api.parse.com/1/classes/Comment/eUe9GIwZSy
      Server:
      - nginx/1.6.0
      X-Parse-Platform:
      - G1
      X-Runtime:
      - '0.015321'
      Content-Length:
      - '65'
      Connection:
      - keep-alive
    body:
      encoding: UTF-8
      string: |
        {"createdAt":"2015-06-19T14:47:10.439Z","objectId":"eUe9GIwZSy"}
    http_version: 
  recorded_at: Fri, 19 Jun 2015 14:47:10 GMT
- request:
    method: put
    uri: https://api.parse.com/1/classes/Post/wZ2EamV4Q2
    body:
      encoding: UTF-8
      string: '{"comments":{"__op":"AddUnique","objects":[{"__type":"Pointer","className":"Comment","objectId":"eUe9GIwZSy"}]}}'
    headers:
      User-Agent:
      - Parse for Ruby, 0.0
      Content-Type:
      - application/json
      X-Parse-Application-Id:
      - "<X-Parse-Application-Id>"
      X-Parse-Rest-Api-Key:
      - "<X-Parse-REST-API-Key>"
      Accept-Encoding:
      - gzip;q=1.0,deflate;q=0.6,identity;q=0.3
      Accept:
      - "*/*"
  response:
    status:
      code: 200
      message: OK
    headers:
      Access-Control-Allow-Methods:
      - "*"
      Access-Control-Allow-Origin:
      - "*"
      Content-Type:
      - application/json; charset=utf-8
      Date:
      - Fri, 19 Jun 2015 14:47:10 GMT
      Server:
      - nginx/1.6.0
      X-Parse-Platform:
      - G1
      X-Runtime:
      - '0.021054'
      Content-Length:
      - '121'
      Connection:
      - keep-alive
    body:
      encoding: UTF-8
      string: |
        {"comments":[{"__type":"Pointer","className":"Comment","objectId":"eUe9GIwZSy"}],"updatedAt":"2015-06-19T14:47:10.910Z"}
    http_version: 
  recorded_at: Fri, 19 Jun 2015 14:47:10 GMT
recorded_with: VCR 2.9.3
